2026-08-10 20:26:11.818: [INFO] CurrentProfilePath: C:\Users\msi intel i7 RX6600\OneDrive\Università\Laboratorio A e B\Cinemax progetto\Cinemax\.metadata\.plugins\org.eclipse.swt\EBWebView\Default
2026-08-10 20:26:11.818: [INFO] Profiles total count: 1
2026-08-10 20:26:11.818: [INFO] Profile: name=Profilo 1 path=C:\Users\msi intel i7 RX6600\OneDrive\Università\Laboratorio A e B\Cinemax progetto\Cinemax\.metadata\.plugins\org.eclipse.swt\EBWebView\Default lastActive=null
2026-08-10 20:26:11.818: [INFO] LastUsedProfileDir: C:\Users\msi intel i7 RX6600\OneDrive\Università\Laboratorio A e B\Cinemax progetto\Cinemax\.metadata\.plugins\org.eclipse.swt\EBWebView\Default
2026-08-10 20:26:11.818: [INFO] OnDoneLoading sync enabled: 0
2026-08-10 20:26:11.818: [INFO] BookmarkModelLoaded, ids_reassigned: 0
2026-08-10 20:26:11.818: [INFO] BookmarksLoadDropped droppedNodes=0
2026-08-10 20:26:11.818: [INFO] BookmarksSnapshot Startup total=0 bar=0 other=0 mobile=0 showBar=0 showBarNTP=1
2026-08-10 20:26:26.927: [INFO] BookmarksSnapshot Shutdown total=0 bar=0 other=0 mobile=0 showBar=0 showBarNTP=1
2026-08-10 20:26:29.341: [INFO] CurrentProfilePath: C:\Users\msi intel i7 RX6600\OneDrive\Università\Laboratorio A e B\Cinemax progetto\Cinemax\.metadata\.plugins\org.eclipse.swt\EBWebView\Default
2026-08-10 20:26:29.341: [INFO] Profiles total count: 1
2026-08-10 20:26:29.341: [INFO] Profile: name=Profilo 1 path=C:\Users\msi intel i7 RX6600\OneDrive\Università\Laboratorio A e B\Cinemax progetto\Cinemax\.metadata\.plugins\org.eclipse.swt\EBWebView\Default lastActive=2026-08-10T20:26:12.676Z
2026-08-10 20:26:29.341: [INFO] LastUsedProfileDir: C:\Users\msi intel i7 RX6600\OneDrive\Università\Laboratorio A e B\Cinemax progetto\Cinemax\.metadata\.plugins\org.eclipse.swt\EBWebView\Default
2026-08-10 20:26:29.341: [INFO] MostRecentlyActiveProfile: name=Profilo 1 path=C:\Users\msi intel i7 RX6600\OneDrive\Università\Laboratorio A e B\Cinemax progetto\Cinemax\.metadata\.plugins\org.eclipse.swt\EBWebView\Default lastActive=2026-08-10T20:26:12.676Z
2026-08-10 20:26:29.341: [INFO] OnDoneLoading sync enabled: 0
2026-08-10 20:26:29.341: [INFO] BookmarkModelLoaded, ids_reassigned: 0
2026-08-10 20:26:29.341: [INFO] BookmarksLoadDropped droppedNodes=0
2026-08-10 20:26:29.341: [INFO] BookmarksSnapshot Startup total=0 bar=0 other=0 mobile=0 showBar=0 showBarNTP=1
2026-08-10 20:27:29.162: [INFO] BookmarksSnapshot Shutdown total=0 bar=0 other=0 mobile=0 showBar=0 showBarNTP=1
2026-08-10 20:28:31.561: [INFO] CurrentProfilePath: C:\Users\msi intel i7 RX6600\OneDrive\Università\Laboratorio A e B\Cinemax progetto\Cinemax\.metadata\.plugins\org.eclipse.swt\EBWebView\Default
2026-08-10 20:28:31.561: [INFO] Profiles total count: 1
2026-08-10 20:28:31.563: [INFO] Profile: name=Profilo 1 path=C:\Users\msi intel i7 RX6600\OneDrive\Università\Laboratorio A e B\Cinemax progetto\Cinemax\.metadata\.plugins\org.eclipse.swt\EBWebView\Default lastActive=2026-08-10T20:27:28.999Z
2026-08-10 20:28:31.563: [INFO] LastUsedProfileDir: C:\Users\msi intel i7 RX6600\OneDrive\Università\Laboratorio A e B\Cinemax progetto\Cinemax\.metadata\.plugins\org.eclipse.swt\EBWebView\Default
2026-08-10 20:28:31.563: [INFO] MostRecentlyActiveProfile: name=Profilo 1 path=C:\Users\msi intel i7 RX6600\OneDrive\Università\Laboratorio A e B\Cinemax progetto\Cinemax\.metadata\.plugins\org.eclipse.swt\EBWebView\Default lastActive=2026-08-10T20:27:28.999Z
2026-08-10 20:28:31.563: [INFO] OnDoneLoading sync enabled: 0
2026-08-10 20:28:31.563: [INFO] BookmarkModelLoaded, ids_reassigned: 0
2026-08-10 20:28:31.563: [INFO] BookmarksLoadDropped droppedNodes=0
2026-08-10 20:28:31.563: [INFO] BookmarksSnapshot Startup total=0 bar=0 other=0 mobile=0 showBar=0 showBarNTP=1
2026-08-10 20:28:42.496: [INFO] BookmarksSnapshot Shutdown total=0 bar=0 other=0 mobile=0 showBar=0 showBarNTP=1
2026-08-10 20:32:07.092: [INFO] CurrentProfilePath: C:\Users\msi intel i7 RX6600\OneDrive\Università\Laboratorio A e B\Cinemax progetto\Cinemax\.metadata\.plugins\org.eclipse.swt\EBWebView\Default
2026-08-10 20:32:07.092: [INFO] Profiles total count: 1
2026-08-10 20:32:07.094: [INFO] Profile: name=Profilo 1 path=C:\Users\msi intel i7 RX6600\OneDrive\Università\Laboratorio A e B\Cinemax progetto\Cinemax\.metadata\.plugins\org.eclipse.swt\EBWebView\Default lastActive=2026-08-10T20:28:42.216Z
2026-08-10 20:32:07.094: [INFO] LastUsedProfileDir: C:\Users\msi intel i7 RX6600\OneDrive\Università\Laboratorio A e B\Cinemax progetto\Cinemax\.metadata\.plugins\org.eclipse.swt\EBWebView\Default
2026-08-10 20:32:07.094: [INFO] MostRecentlyActiveProfile: name=Profilo 1 path=C:\Users\msi intel i7 RX6600\OneDrive\Università\Laboratorio A e B\Cinemax progetto\Cinemax\.metadata\.plugins\org.eclipse.swt\EBWebView\Default lastActive=2026-08-10T20:28:42.216Z
2026-08-10 20:32:07.094: [INFO] OnDoneLoading sync enabled: 0
2026-08-10 20:32:07.094: [INFO] BookmarkModelLoaded, ids_reassigned: 0
2026-08-10 20:32:07.094: [INFO] BookmarksLoadDropped droppedNodes=0
2026-08-10 20:32:07.094: [INFO] BookmarksSnapshot Startup total=0 bar=0 other=0 mobile=0 showBar=0 showBarNTP=1
2026-08-10 20:32:57.868: [INFO] BookmarksSnapshot Shutdown total=0 bar=0 other=0 mobile=0 showBar=0 showBarNTP=1
